
        <script type="text/javascript" src="vendors/release/dojo/dojo-mini.js" ></script>
        <script type="text/javascript" src="vendors/release/dijit/dijit-mini.js" ></script>
        <script type="text/javascript" src="vendors/release/dojox/dojox-mini.js" ></script>



<script type="text/javascript" src="vendors/release/dojox/dojox-mini.js" ></script>



<link rel="stylesheet" type="text/css" href="vendors/release/dijit/themes/tundra/tundra.css">
<link rel="stylesheet" type="text/css" href="vendors/release/dojox/grid/resources/Grid.css">
<link rel="stylesheet" type="text/css" href="vendors/release/dojox/image/resources/Lightbox.css">
